// Jest Snapshot v1, https://goo.gl/fbAQLP

exports[`ConditionNote should render properly 1`] = `""`;
